// Jest Snapshot v1, https://goo.gl/fbAQLP

exports[`App renders correctly 1`] = `
<DocumentFragment>
  <div
    class="App"
  >
    <div
      class="nav-bar"
    >
      <img
        alt="logo-icon"
        src="logo.png"
      />
      Surreal Estate
      <ul
        class="navbar-links"
      >
        <li
          class="navbar-links-item"
        >
          <a
            class="item"
            href="/properties"
          >
            View Properties
          </a>
        </li>
        <li
          class="navbar-links-item"
        >
          <a
            class="item"
            href="/add-property"
          >
            Add a Property
          </a>
        </li>
      </ul>
    </div>
  </div>
</DocumentFragment>
`;
